// Jest Snapshot v1, https://goo.gl/fbAQLP

exports[`Trailer should match DOM snapshot 1`] = `
<div
  data-testid="trailer-component"
  style={
    Object {
      "height": "100%",
      "width": "100%",
    }
  }
/>
`;
